// Jest Snapshot v1, https://goo.gl/fbAQLP

exports[`should render NavigationBarOrder 1`] = `
<div>
  <div
    class="NavigationBarOrder"
  >
    <div
      class="flexDiv"
    >
      <div
        class="PageLogo"
      >
        <a
          href="/"
        >
           
          <img
            alt="logo"
            src="https://res.cloudinary.com/dvoduabha/image/upload/v1687425664/logo1_iw4cvy.png"
          />
        </a>
      </div>
      <div
        class="navigationDivList"
      >
        <ul
          class="ulList"
        >
          <div
            class="NavElement"
          >
            <li
              class="LiElement"
            >
              <a
                class="link"
                href="/cart"
              >
                <span>
                  <svg
                    color="var(--text-color)"
                    fill="currentColor"
                    height="25"
                    stroke="currentColor"
                    stroke-width="0"
                    viewBox="0 0 1024 1024"
                    width="25"
                    xmlns="http://www.w3.org/2000/svg"
                  >
                    <path
                      d="M699 353h-46.9c-10.2 0-19.9 4.9-25.9 13.3L469 584.3l-71.2-98.8c-6-8.3-15.6-13.3-25.9-13.3H325c-6.5 0-10.3 7.4-6.5 12.7l124.6 172.8a31.8 31.8 0 0 0 51.7 0l210.6-292c3.9-5.3.1-12.7-6.4-12.7z"
                    />
                    <path
                      d="M512 64C264.6 64 64 264.6 64 512s200.6 448 448 448 448-200.6 448-448S759.4 64 512 64zm0 820c-205.4 0-372-166.6-372-372s166.6-372 372-372 372 166.6 372 372-166.6 372-372 372z"
                    />
                  </svg>
                </span>
                <span>
                  Cart
                </span>
              </a>
            </li>
          </div>
          <div
            class="NavElement"
          >
            <li
              class="LiElement"
            >
              <a
                class="link disabledLink"
                href="/order"
              >
                <span
                  style="margin-bottom: 3px;"
                >
                  <span
                    class="dot"
                  >
                    1
                  </span>
                </span>
                <span>
                  Deliver and payment
                </span>
              </a>
            </li>
          </div>
          <div
            class="NavElement"
          >
            <li
              class="LiElement"
            >
              <a
                class="link disabledLink"
                href="/summary"
              >
                <span
                  style="margin-bottom: 3px;"
                >
                  <span
                    class="dot"
                  >
                    2
                  </span>
                </span>
                <span>
                  Summary
                </span>
              </a>
            </li>
          </div>
          <div
            class="NavElement"
          >
            <li
              class="LiElement"
            >
              <a
                class="link disabledLink"
                href="/"
              >
                <span
                  style="margin-bottom: 3px;"
                >
                  <span
                    class="dot"
                  >
                    3
                  </span>
                </span>
                <span>
                  Done
                </span>
              </a>
            </li>
          </div>
        </ul>
      </div>
    </div>
  </div>
</div>
`;
