// Jest Snapshot v1, https://goo.gl/fbAQLP

exports[`should render CartSummary component 1`] = `
<div>
  <div
    class="cartSummary"
  >
    <div
      class="discountKey"
    >
      <button
        class="btnDiscount"
        type="button"
      >
        <span>
          Do you have a discount?
           
        </span>
        <svg
          fill="currentColor"
          height="1em"
          stroke="currentColor"
          stroke-width="0"
          viewBox="0 0 1024 1024"
          width="1em"
          xmlns="http://www.w3.org/2000/svg"
        >
          <path
            d="M8.2 275.4c0-8.6 3.4-17.401 10-24.001 13.2-13.2 34.8-13.2 48 0l451.8 451.8 445.2-445.2c13.2-13.2 34.8-13.2 48 0s13.2 34.8 0 48L542 775.399c-13.2 13.2-34.8 13.2-48 0l-475.8-475.8c-6.8-6.8-10-15.4-10-24.199z"
          />
        </svg>
      </button>
      <div
        class="activeKey"
        style="display: none;"
      >
        <input
          class="inputDiscount"
          type="text"
          value=""
        />
        <button
          class="BtnActive"
          type="button"
        >
          Active
        </button>
      </div>
      <p
        class="discountBar"
      />
    </div>
    <div
      class="checkout"
    >
      <div>
        <p
          class="save"
        >
          <span>
            Save
          </span>
          <span>
            $
            10.00
          </span>
        </p>
        <p>
          <span>
            Total cost
          </span>
          <span>
            $
            30.00
          </span>
        </p>
      </div>
      <a
        class="BtnNavigateOrder"
        href="/"
      />
    </div>
  </div>
</div>
`;
