// Jest Snapshot v1, https://goo.gl/fbAQLP

exports[`should render FAQ component 1`] = `
<div>
  <div
    class="Faq"
  >
    <div
      class="faqContent"
    >
      <div>
        <h2>
          What are the available delivery methods?
        </h2>
        <p>
          We offer shipping by InPost courier, InPost parcel machine and ORLEN Parcel. Delivery by our driver is possible in and around Krakow. More information on delivery methods can be found here.
        </p>
      </div>
      <div>
        <h2>
          Where can I pick up my order in person??
        </h2>
        <p>
          It is possible to pick up your order in person at our outlets, more information and addresses of the outlets can be found here.
        </p>
      </div>
      <div>
        <h2>
          Do we ship internationally?
        </h2>
        <p>
          Yes, we offer shipping overseas. Shipping costs depend on the size of the package. The service should be arranged individually by contacting us here.
        </p>
      </div>
      <div>
        <h2>
          How long do I have to wait for my order?
        </h2>
        <p>
          Delivery time in Krakow area is 1 business day maximum, while in Krakow area is 2 business days maximum. For InPost Parcel Post and InPost Courier shipping, delivery time is 2 business days maximum, while ORLEN Parcel Post is 3 business days maximum.
        </p>
      </div>
      <div>
        <h2>
          What payment methods are accepted?
        </h2>
        <p>
          Our online store is integrated with the PayU platform, which offers payment by Blik code, electronic transfer and other payment services. If you choose the delivery option with cash on delivery, payment is made by card or cash on delivery. We also accept traditional transfers and phone number transfers. More information on payment methods can be found here.
        </p>
      </div>
      <div>
        <h2>
          Can I receive a VAT invoice?
        </h2>
        <p>
          Yes, we are VAT payers. To receive an invoice, please check the box I want to receive a VAT invoice during the ordering process. 
        </p>
      </div>
      <div>
        <h2>
          I would like to return my order, what should I do?
        </h2>
        <p>
          To return your order, please fill out the return form found here.
        </p>
      </div>
      <div>
        <h2>
          I want to complain about my order, what should I do?
        </h2>
        <p>
          To return your order, please fill out the complaint form found here.
        </p>
      </div>
      <div>
        <h2>
          How can I change or cancel my order?
        </h2>
        <p>
          To cancel or change your order, please contact us here.
        </p>
      </div>
      <div>
        <h2>
          How can I track my order?
        </h2>
        <p>
          To track your order, enter your order number and email address here.
        </p>
      </div>
    </div>
  </div>
</div>
`;
