// Jest Snapshot v1, https://goo.gl/fbAQLP

exports[`should render HeaderSection component 1`] = `
<div>
  <header
    class="headerSection"
  >
    Our products
  </header>
</div>
`;
