// Jest Snapshot v1, https://goo.gl/fbAQLP

exports[`should render ContactSecton 1`] = `
<div>
  <div
    class="ContactSection"
    id="contactSection"
  >
    <header
      class="headerSection"
    >
      contact us
    </header>
    <p
      class="openHours"
    >
      We are at your service from Monday to Saturday from 10:00 am to 8:00 pm
    </p>
    <div
      class="wrapperDiv"
    >
      <div
        class="content"
      >
        <div
          class="ContactElement"
        >
          <p
            class="title"
          >
            Coffee Shop
          </p>
          <p>
            <svg
              fill="currentColor"
              height="20"
              stroke="currentColor"
              stroke-width="0"
              viewBox="0 0 16 16"
              width="20"
              xmlns="http://www.w3.org/2000/svg"
            >
              <path
                d="M1.885.511a1.745 1.745 0 0 1 2.61.163L6.29 2.98c.329.423.445.974.315 1.494l-.547 2.19a.678.678 0 0 0 .178.643l2.457 2.457a.678.678 0 0 0 .644.178l2.189-.547a1.745 1.745 0 0 1 1.494.315l2.306 1.794c.829.645.905 1.87.163 2.611l-1.034 1.034c-.74.74-1.846 1.065-2.877.702a18.634 18.634 0 0 1-7.01-4.42 18.634 18.634 0 0 1-4.42-7.009c-.362-1.03-.037-2.137.703-2.877L1.885.511z"
                fill-rule="evenodd"
              />
            </svg>
            242 242 242
          </p>
          <p>
            <svg
              fill="currentColor"
              height="20"
              stroke="currentColor"
              stroke-width="0"
              viewBox="0 0 24 24"
              width="20"
              xmlns="http://www.w3.org/2000/svg"
            >
              <path
                d="M1.75 3h20.5c.966 0 1.75.784 1.75 1.75v14a1.75 1.75 0 0 1-1.75 1.75H1.75A1.75 1.75 0 0 1 0 18.75v-14C0 3.784.784 3 1.75 3ZM1.5 7.412V18.75c0 .138.112.25.25.25h20.5a.25.25 0 0 0 .25-.25V7.412l-9.52 6.433c-.592.4-1.368.4-1.96 0Zm0-2.662v.852l10.36 7a.25.25 0 0 0 .28 0l10.36-7V4.75a.25.25 0 0 0-.25-.25H1.75a.25.25 0 0 0-.25.25Z"
              />
            </svg>
            test@coffeshop.com
          </p>
          <p>
            <svg
              fill="currentColor"
              height="20"
              stroke="currentColor"
              stroke-width="0"
              version="1.1"
              viewBox="0 0 16 16"
              width="20"
              xmlns="http://www.w3.org/2000/svg"
            >
              <path
                d="M8 0c-2.761 0-5 2.239-5 5 0 5 5 11 5 11s5-6 5-11c0-2.761-2.239-5-5-5zM8 8.063c-1.691 0-3.063-1.371-3.063-3.063s1.371-3.063 3.063-3.063 3.063 1.371 3.063 3.063-1.371 3.063-3.063 3.063zM6.063 5c0-1.070 0.867-1.938 1.938-1.938s1.938 0.867 1.938 1.938c0 1.070-0.867 1.938-1.938 1.938s-1.938-0.867-1.938-1.938z"
              />
            </svg>
            Litewska 24 | 24-242 Warsaw
          </p>
        </div>
        <div
          class="ContactElement"
        >
          <p
            class="title"
          >
            Warehouse
          </p>
          <p>
            <svg
              fill="currentColor"
              height="20"
              stroke="currentColor"
              stroke-width="0"
              viewBox="0 0 16 16"
              width="20"
              xmlns="http://www.w3.org/2000/svg"
            >
              <path
                d="M1.885.511a1.745 1.745 0 0 1 2.61.163L6.29 2.98c.329.423.445.974.315 1.494l-.547 2.19a.678.678 0 0 0 .178.643l2.457 2.457a.678.678 0 0 0 .644.178l2.189-.547a1.745 1.745 0 0 1 1.494.315l2.306 1.794c.829.645.905 1.87.163 2.611l-1.034 1.034c-.74.74-1.846 1.065-2.877.702a18.634 18.634 0 0 1-7.01-4.42 18.634 18.634 0 0 1-4.42-7.009c-.362-1.03-.037-2.137.703-2.877L1.885.511z"
                fill-rule="evenodd"
              />
            </svg>
            242 242 242
          </p>
          <p>
            <svg
              fill="currentColor"
              height="20"
              stroke="currentColor"
              stroke-width="0"
              viewBox="0 0 24 24"
              width="20"
              xmlns="http://www.w3.org/2000/svg"
            >
              <path
                d="M1.75 3h20.5c.966 0 1.75.784 1.75 1.75v14a1.75 1.75 0 0 1-1.75 1.75H1.75A1.75 1.75 0 0 1 0 18.75v-14C0 3.784.784 3 1.75 3ZM1.5 7.412V18.75c0 .138.112.25.25.25h20.5a.25.25 0 0 0 .25-.25V7.412l-9.52 6.433c-.592.4-1.368.4-1.96 0Zm0-2.662v.852l10.36 7a.25.25 0 0 0 .28 0l10.36-7V4.75a.25.25 0 0 0-.25-.25H1.75a.25.25 0 0 0-.25.25Z"
              />
            </svg>
            warehouse@coffeshop.com
          </p>
        </div>
        <div
          class="ContactElement"
        >
          <p
            class="title"
          >
            Driver
          </p>
          <p>
            <svg
              fill="currentColor"
              height="20"
              stroke="currentColor"
              stroke-width="0"
              viewBox="0 0 16 16"
              width="20"
              xmlns="http://www.w3.org/2000/svg"
            >
              <path
                d="M1.885.511a1.745 1.745 0 0 1 2.61.163L6.29 2.98c.329.423.445.974.315 1.494l-.547 2.19a.678.678 0 0 0 .178.643l2.457 2.457a.678.678 0 0 0 .644.178l2.189-.547a1.745 1.745 0 0 1 1.494.315l2.306 1.794c.829.645.905 1.87.163 2.611l-1.034 1.034c-.74.74-1.846 1.065-2.877.702a18.634 18.634 0 0 1-7.01-4.42 18.634 18.634 0 0 1-4.42-7.009c-.362-1.03-.037-2.137.703-2.877L1.885.511z"
                fill-rule="evenodd"
              />
            </svg>
            242 242 242
          </p>
          <p>
            <svg
              fill="currentColor"
              height="20"
              stroke="currentColor"
              stroke-width="0"
              viewBox="0 0 24 24"
              width="20"
              xmlns="http://www.w3.org/2000/svg"
            >
              <path
                d="M1.75 3h20.5c.966 0 1.75.784 1.75 1.75v14a1.75 1.75 0 0 1-1.75 1.75H1.75A1.75 1.75 0 0 1 0 18.75v-14C0 3.784.784 3 1.75 3ZM1.5 7.412V18.75c0 .138.112.25.25.25h20.5a.25.25 0 0 0 .25-.25V7.412l-9.52 6.433c-.592.4-1.368.4-1.96 0Zm0-2.662v.852l10.36 7a.25.25 0 0 0 .28 0l10.36-7V4.75a.25.25 0 0 0-.25-.25H1.75a.25.25 0 0 0-.25.25Z"
              />
            </svg>
            test@coffeshop.com
          </p>
        </div>
        <div
          class="ContactElement"
        >
          <p
            class="title"
          >
            Company details
          </p>
          <p>
            <svg
              fill="currentColor"
              height="20"
              stroke="currentColor"
              stroke-width="0"
              viewBox="0 0 16 16"
              width="20"
              xmlns="http://www.w3.org/2000/svg"
            >
              <path
                d="M8 8a3 3 0 1 0 0-6 3 3 0 0 0 0 6Zm2-3a2 2 0 1 1-4 0 2 2 0 0 1 4 0Zm4 8c0 1-1 1-1 1H3s-1 0-1-1 1-4 6-4 6 3 6 4Zm-1-.004c-.001-.246-.154-.986-.832-1.664C11.516 10.68 10.289 10 8 10c-2.29 0-3.516.68-4.168 1.332-.678.678-.83 1.418-.832 1.664h10Z"
              />
            </svg>
            Coffee Shop Tomasz Skupien
          </p>
          <p>
            <svg
              fill="currentColor"
              height="20"
              stroke="currentColor"
              stroke-width="0"
              version="1.1"
              viewBox="0 0 16 16"
              width="20"
              xmlns="http://www.w3.org/2000/svg"
            >
              <path
                d="M8 0c-2.761 0-5 2.239-5 5 0 5 5 11 5 11s5-6 5-11c0-2.761-2.239-5-5-5zM8 8.063c-1.691 0-3.063-1.371-3.063-3.063s1.371-3.063 3.063-3.063 3.063 1.371 3.063 3.063-1.371 3.063-3.063 3.063zM6.063 5c0-1.070 0.867-1.938 1.938-1.938s1.938 0.867 1.938 1.938c0 1.070-0.867 1.938-1.938 1.938s-1.938-0.867-1.938-1.938z"
              />
            </svg>
            Litewska 24 | 24-242 Warsaw
          </p>
          <p>
            <svg
              fill="currentColor"
              height="20"
              stroke="currentColor"
              stroke-width="0"
              viewBox="0 0 24 24"
              width="20"
              xmlns="http://www.w3.org/2000/svg"
            >
              <path
                d="M12.0049 0.999512C14.7663 0.999512 17.0049 3.23809 17.0049 5.99951V7.99951H20.0049C20.5572 7.99951 21.0049 8.44723 21.0049 8.99951V20.9995C21.0049 21.5518 20.5572 21.9995 20.0049 21.9995H4.00488C3.4526 21.9995 3.00488 21.5518 3.00488 20.9995V8.99951C3.00488 8.44723 3.4526 7.99951 4.00488 7.99951H7.00488V5.99951C7.00488 3.23809 9.24346 0.999512 12.0049 0.999512ZM17.0049 10.9995H15.0049V11.9995C15.0049 12.5518 15.4526 12.9995 16.0049 12.9995C16.5177 12.9995 16.9404 12.6135 16.9982 12.1161L17.0049 11.9995V10.9995ZM9.00488 10.9995H7.00488V11.9995C7.00488 12.5518 7.4526 12.9995 8.00488 12.9995C8.51772 12.9995 8.94039 12.6135 8.99815 12.1161L9.00488 11.9995V10.9995ZM12.0049 2.99951C10.4072 2.99951 9.10122 4.24843 9.00998 5.82324L9.00488 5.99951V7.99951H15.0049V5.99951C15.0049 4.40183 13.756 3.09585 12.1812 3.0046L12.0049 2.99951Z"
              />
            </svg>
            NIP 2424242424 | BDO 242424242
          </p>
        </div>
        <div
          class="ContactElement"
        >
          <p
            class="title"
          >
            Bank account
          </p>
          <p>
            <svg
              fill="currentColor"
              height="1em"
              stroke="currentColor"
              stroke-width="0"
              viewBox="0 0 1024 1024"
              width="1em"
              xmlns="http://www.w3.org/2000/svg"
            >
              <path
                d="M928.144 176H95.856c-53.024 0-96 42.976-96 96v480c0 53.024 42.976 96 96 96h832.288c53.024 0 96-42.976 96-96V272c0-53.024-42.976-96-96-96zM95.856 240h832.288c17.664 0 32 14.336 32 32v64H63.856v-64c0-17.664 14.351-32 32-32zm832.288 544H95.856c-17.664 0-32-14.336-32-32V464h896.288v288c0 17.664-14.352 32-32 32z"
              />
            </svg>
            24 2424 2424 2424 2424 2424 2424
          </p>
        </div>
      </div>
      <div
        class="contactFormWrapper"
      >
        <div>
          <form
            action="#"
            class="EmailContactForm"
          >
            <p>
              Write email to us
            </p>
            <div>
              <input
                class="inputText"
                name="fullName"
                placeholder="Name and surname"
                type="text"
                value=""
              />
            </div>
            <div>
              <input
                class="inputText"
                name="email"
                placeholder="E-mail"
                type="text"
                value=""
              />
            </div>
            <div
              class="TextareaCom"
            >
              <textarea
                id="message0"
                maxlength="999"
                name="message"
                placeholder="Your message"
                rows="1"
              />
              <span
                class="countLength"
              >
                0
                /999
              </span>
            </div>
            <div>
              <button
                class="BtnContact"
                id="btnFormContact23"
                type="submit"
              >
                Send
              </button>
            </div>
          </form>
        </div>
        <form
          action="#"
          class="formContact"
        >
          <p>
            Write us a text message
          </p>
          <div>
            <input
              class="inputText"
              name="fullName"
              placeholder="Name and surname"
              type="text"
              value=""
            />
          </div>
          <div>
            <input
              class="inputText"
              name="number"
              placeholder="Phone number"
              type="text"
              value=""
            />
          </div>
          <div>
            <div
              class="TextareaCom"
            >
              <textarea
                id="message1"
                maxlength="999"
                name="message"
                placeholder="Your message"
                rows="1"
              />
              <span
                class="countLength"
              >
                0
                /999
              </span>
            </div>
            <button
              class="BtnContact"
              id="btnFormContact1"
              type="submit"
            >
              Send
            </button>
          </div>
        </form>
        <div>
          <div>
            Loading...
          </div>
        </div>
      </div>
    </div>
  </div>
</div>
`;
