// Jest Snapshot v1, https://goo.gl/fbAQLP

exports[`should render NavigationBar component 1`] = `
<div>
  <div
    class="NavigationBar"
  >
    <div
      class="BtnHamburger"
    >
      <span
        class="bar"
      />
      <span
        class="bar"
      />
      <span
        class="bar"
      />
    </div>
    <div
      class="navBar"
    >
      <div
        class="PageLogo"
      >
        <a
          href="/"
        >
           
          <img
            alt="logo"
            src="https://res.cloudinary.com/dvoduabha/image/upload/v1687425664/logo1_iw4cvy.png"
          />
        </a>
      </div>
      <nav>
        <ul
          class="DesktopNavigation"
        >
          <li
            class="NavListElement"
          >
            <a
              aria-current="page"
              class="activeNavLink"
              href="/"
            >
              Home
            </a>
          </li>
          <li
            class="NavListElement"
          >
            <a
              class="navLink"
              href="/products"
            >
              Products
            </a>
          </li>
          <li
            class="NavListElement"
          >
            <a
              class="navLink"
              href="/about-us"
            >
              About
            </a>
          </li>
          <li
            class="NavListElement"
          >
            <a
              class="navLink"
              href="/contact"
            >
              Contact
            </a>
          </li>
          <li
            class="NavListElement"
          >
            <a
              class="navLink"
              href="/blog"
            >
              Blog
            </a>
          </li>
        </ul>
        <ul
          class="MobileNavigation"
        >
          <div
            class="cartBar"
          >
            <span
              class="spanTitle"
            >
              NAVIGATION
            </span>
            <button
              class="btnClose"
              data-testid="btnClose1231"
            >
              <svg
                fill="currentColor"
                height="30"
                stroke="currentColor"
                stroke-width="0"
                viewBox="0 0 512 512"
                width="30"
                xmlns="http://www.w3.org/2000/svg"
              >
                <path
                  d="M400 145.49L366.51 112 256 222.51 145.49 112 112 145.49 222.51 256 112 366.51 145.49 400 256 289.49 366.51 400 400 366.51 289.49 256 400 145.49z"
                />
              </svg>
            </button>
          </div>
          <div
            class="divList"
          >
            <li>
              <a
                class="linkElement"
                href="/"
              >
                Home
              </a>
            </li>
            <li>
              <a
                class="linkElement"
                href="/products"
              >
                Products
              </a>
            </li>
            <li>
              <a
                class="linkElement"
                href="/about-us"
              >
                About
              </a>
            </li>
            <li>
              <a
                class="linkElement"
                href="/contact"
              >
                Contact
              </a>
            </li>
            <li>
              <a
                class="linkElement"
                href="/blog"
              >
                Blog
              </a>
            </li>
          </div>
          <div>
            <ul
              class="socialMediaMenu"
            >
              <li
                class="SocialMediaElement"
              >
                <a
                  href="https://www.facebook.com/"
                >
                  <svg
                    fill="currentColor"
                    height="1em"
                    stroke="currentColor"
                    stroke-width="0"
                    version="1.1"
                    viewBox="0 0 16 16"
                    width="1em"
                    xmlns="http://www.w3.org/2000/svg"
                  >
                    <path
                      d="M9.5 3h2.5v-3h-2.5c-1.93 0-3.5 1.57-3.5 3.5v1.5h-2v3h2v8h3v-8h2.5l0.5-3h-3v-1.5c0-0.271 0.229-0.5 0.5-0.5z"
                    />
                  </svg>
                </a>
              </li>
              <li
                class="SocialMediaElement"
              >
                <a
                  href="https://www.facebook.com/"
                >
                  <svg
                    fill="currentColor"
                    height="1em"
                    stroke="currentColor"
                    stroke-width="0"
                    viewBox="0 0 16 16"
                    width="1em"
                    xmlns="http://www.w3.org/2000/svg"
                  >
                    <path
                      d="M5.026 15c6.038 0 9.341-5.003 9.341-9.334 0-.14 0-.282-.006-.422A6.685 6.685 0 0 0 16 3.542a6.658 6.658 0 0 1-1.889.518 3.301 3.301 0 0 0 1.447-1.817 6.533 6.533 0 0 1-2.087.793A3.286 3.286 0 0 0 7.875 6.03a9.325 9.325 0 0 1-6.767-3.429 3.289 3.289 0 0 0 1.018 4.382A3.323 3.323 0 0 1 .64 6.575v.045a3.288 3.288 0 0 0 2.632 3.218 3.203 3.203 0 0 1-.865.115 3.23 3.23 0 0 1-.614-.057 3.283 3.283 0 0 0 3.067 2.277A6.588 6.588 0 0 1 .78 13.58a6.32 6.32 0 0 1-.78-.045A9.344 9.344 0 0 0 5.026 15z"
                    />
                  </svg>
                </a>
              </li>
              <li
                class="SocialMediaElement"
              >
                <a
                  href="https://www.facebook.com/"
                >
                  <svg
                    fill="currentColor"
                    height="1em"
                    stroke="currentColor"
                    stroke-width="0"
                    viewBox="0 0 16 16"
                    width="1em"
                    xmlns="http://www.w3.org/2000/svg"
                  >
                    <path
                      d="M8 0C5.829 0 5.556.01 4.703.048 3.85.088 3.269.222 2.76.42a3.917 3.917 0 0 0-1.417.923A3.927 3.927 0 0 0 .42 2.76C.222 3.268.087 3.85.048 4.7.01 5.555 0 5.827 0 8.001c0 2.172.01 2.444.048 3.297.04.852.174 1.433.372 1.942.205.526.478.972.923 1.417.444.445.89.719 1.416.923.51.198 1.09.333 1.942.372C5.555 15.99 5.827 16 8 16s2.444-.01 3.298-.048c.851-.04 1.434-.174 1.943-.372a3.916 3.916 0 0 0 1.416-.923c.445-.445.718-.891.923-1.417.197-.509.332-1.09.372-1.942C15.99 10.445 16 10.173 16 8s-.01-2.445-.048-3.299c-.04-.851-.175-1.433-.372-1.941a3.926 3.926 0 0 0-.923-1.417A3.911 3.911 0 0 0 13.24.42c-.51-.198-1.092-.333-1.943-.372C10.443.01 10.172 0 7.998 0h.003zm-.717 1.442h.718c2.136 0 2.389.007 3.232.046.78.035 1.204.166 1.486.275.373.145.64.319.92.599.28.28.453.546.598.92.11.281.24.705.275 1.485.039.843.047 1.096.047 3.231s-.008 2.389-.047 3.232c-.035.78-.166 1.203-.275 1.485a2.47 2.47 0 0 1-.599.919c-.28.28-.546.453-.92.598-.28.11-.704.24-1.485.276-.843.038-1.096.047-3.232.047s-2.39-.009-3.233-.047c-.78-.036-1.203-.166-1.485-.276a2.478 2.478 0 0 1-.92-.598 2.48 2.48 0 0 1-.6-.92c-.109-.281-.24-.705-.275-1.485-.038-.843-.046-1.096-.046-3.233 0-2.136.008-2.388.046-3.231.036-.78.166-1.204.276-1.486.145-.373.319-.64.599-.92.28-.28.546-.453.92-.598.282-.11.705-.24 1.485-.276.738-.034 1.024-.044 2.515-.045v.002zm4.988 1.328a.96.96 0 1 0 0 1.92.96.96 0 0 0 0-1.92zm-4.27 1.122a4.109 4.109 0 1 0 0 8.217 4.109 4.109 0 0 0 0-8.217zm0 1.441a2.667 2.667 0 1 1 0 5.334 2.667 2.667 0 0 1 0-5.334z"
                    />
                  </svg>
                </a>
              </li>
              <li
                class="SocialMediaElement"
              >
                <a
                  href="https://www.facebook.com/"
                >
                  <svg
                    fill="currentColor"
                    height="1em"
                    stroke="currentColor"
                    stroke-width="0"
                    viewBox="0 0 16 16"
                    width="1em"
                    xmlns="http://www.w3.org/2000/svg"
                  >
                    <path
                      d="M0 1.146C0 .513.526 0 1.175 0h13.65C15.474 0 16 .513 16 1.146v13.708c0 .633-.526 1.146-1.175 1.146H1.175C.526 16 0 15.487 0 14.854V1.146zm4.943 12.248V6.169H2.542v7.225h2.401zm-1.2-8.212c.837 0 1.358-.554 1.358-1.248-.015-.709-.52-1.248-1.342-1.248-.822 0-1.359.54-1.359 1.248 0 .694.521 1.248 1.327 1.248h.016zm4.908 8.212V9.359c0-.216.016-.432.08-.586.173-.431.568-.878 1.232-.878.869 0 1.216.662 1.216 1.634v3.865h2.401V9.25c0-2.22-1.184-3.252-2.764-3.252-1.274 0-1.845.7-2.165 1.193v.025h-.016a5.54 5.54 0 0 1 .016-.025V6.169h-2.4c.03.678 0 7.225 0 7.225h2.4z"
                    />
                  </svg>
                </a>
              </li>
              <li
                class="SocialMediaElement"
              >
                <a
                  href="https://www.facebook.com/"
                >
                  <svg
                    fill="currentColor"
                    height="1em"
                    stroke="currentColor"
                    stroke-width="0"
                    viewBox="0 0 16 16"
                    width="1em"
                    xmlns="http://www.w3.org/2000/svg"
                  >
                    <path
                      d="M8.051 1.999h.089c.822.003 4.987.033 6.11.335a2.01 2.01 0 0 1 1.415 1.42c.101.38.172.883.22 1.402l.01.104.022.26.008.104c.065.914.073 1.77.074 1.957v.075c-.001.194-.01 1.108-.082 2.06l-.008.105-.009.104c-.05.572-.124 1.14-.235 1.558a2.007 2.007 0 0 1-1.415 1.42c-1.16.312-5.569.334-6.18.335h-.142c-.309 0-1.587-.006-2.927-.052l-.17-.006-.087-.004-.171-.007-.171-.007c-1.11-.049-2.167-.128-2.654-.26a2.007 2.007 0 0 1-1.415-1.419c-.111-.417-.185-.986-.235-1.558L.09 9.82l-.008-.104A31.4 31.4 0 0 1 0 7.68v-.123c.002-.215.01-.958.064-1.778l.007-.103.003-.052.008-.104.022-.26.01-.104c.048-.519.119-1.023.22-1.402a2.007 2.007 0 0 1 1.415-1.42c.487-.13 1.544-.21 2.654-.26l.17-.007.172-.006.086-.003.171-.007A99.788 99.788 0 0 1 7.858 2h.193zM6.4 5.209v4.818l4.157-2.408L6.4 5.209z"
                    />
                  </svg>
                </a>
              </li>
            </ul>
          </div>
        </ul>
      </nav>
      <div
        class="btnSection"
      >
        <button
          class="btnDisplay"
          id="bs-search"
        >
          <svg
            color="var(--text-color)"
            fill="currentColor"
            height="30"
            stroke="currentColor"
            stroke-width="0"
            viewBox="0 0 16 16"
            width="30"
            xmlns="http://www.w3.org/2000/svg"
          >
            <path
              d="M11.742 10.344a6.5 6.5 0 1 0-1.397 1.398h-.001c.03.04.062.078.098.115l3.85 3.85a1 1 0 0 0 1.415-1.414l-3.85-3.85a1.007 1.007 0 0 0-.115-.1zM12 6.5a5.5 5.5 0 1 1-11 0 5.5 5.5 0 0 1 11 0z"
            />
          </svg>
        </button>
        <div
          class="PopupSearch"
        >
          <div
            class="divFlexEnd"
          >
            <button
              class="btnClose"
              data-testid="btnClose1231"
              id="btn-close-searcher"
            >
              <svg
                fill="currentColor"
                height="30"
                stroke="currentColor"
                stroke-width="0"
                viewBox="0 0 512 512"
                width="30"
                xmlns="http://www.w3.org/2000/svg"
              >
                <path
                  d="M400 145.49L366.51 112 256 222.51 145.49 112 112 145.49 222.51 256 112 366.51 145.49 400 256 289.49 366.51 400 400 366.51 289.49 256 400 145.49z"
                />
              </svg>
            </button>
          </div>
          <div
            class="searchWrapper"
          >
            <label
              for="search-form"
            >
              <input
                autocomplete="off"
                class="searchInput"
                id="search-form"
                name="search-form"
                placeholder="Search for products..."
                type="search"
                value=""
              />
            </label>
          </div>
          <div
            class="filteredProducts"
          >
            <div
              class="flexRowTemplate"
            />
          </div>
        </div>
        <a
          class="btnDisplay"
          href="/wish-list"
        >
          <svg
            color="var(--text-color)"
            fill="currentColor"
            height="30"
            stroke="currentColor"
            stroke-width="0"
            viewBox="0 0 16 16"
            width="30"
            xmlns="http://www.w3.org/2000/svg"
          >
            <path
              d="m8 2.748-.717-.737C5.6.281 2.514.878 1.4 3.053c-.523 1.023-.641 2.5.314 4.385.92 1.815 2.834 3.989 6.286 6.357 3.452-2.368 5.365-4.542 6.286-6.357.955-1.886.838-3.362.314-4.385C13.486.878 10.4.28 8.717 2.01L8 2.748zM8 15C-7.333 4.868 3.279-3.04 7.824 1.143c.06.055.119.112.176.171a3.12 3.12 0 0 1 .176-.17C12.72-3.042 23.333 4.867 8 15z"
            />
          </svg>
        </a>
        <a
          class="btnDisplay btnDisplayActive"
          href="/log-in"
          id="userNavigationBtn0"
        >
          <svg
            color="var(--text-color)"
            fill="currentColor"
            height="30"
            stroke="currentColor"
            stroke-width="0"
            viewBox="0 0 448 512"
            width="30"
            xmlns="http://www.w3.org/2000/svg"
          >
            <path
              d="M313.6 304c-28.7 0-42.5 16-89.6 16-47.1 0-60.8-16-89.6-16C60.2 304 0 364.2 0 438.4V464c0 26.5 21.5 48 48 48h352c26.5 0 48-21.5 48-48v-25.6c0-74.2-60.2-134.4-134.4-134.4zM400 464H48v-25.6c0-47.6 38.8-86.4 86.4-86.4 14.6 0 38.3 16 89.6 16 51.7 0 74.9-16 89.6-16 47.6 0 86.4 38.8 86.4 86.4V464zM224 288c79.5 0 144-64.5 144-144S303.5 0 224 0 80 64.5 80 144s64.5 144 144 144zm0-240c52.9 0 96 43.1 96 96s-43.1 96-96 96-96-43.1-96-96 43.1-96 96-96z"
            />
          </svg>
        </a>
        <ul
          class="PopupUserProfile active"
        >
          <section
            class="btnsSection"
          >
            <button
              class="BtnDefault"
            >
              Log in
            </button>
            <span
              class="spanTextAccount"
            >
              Don't have an account?
            </span>
            <button
              class="BtnDefault"
            >
              Sign up
            </button>
          </section>
          <div
            class="list"
          >
            <li>
              <a
                href="/account"
              >
                <svg
                  fill="currentColor"
                  height="20"
                  stroke="currentColor"
                  stroke-width="0"
                  viewBox="0 0 448 512"
                  width="20"
                  xmlns="http://www.w3.org/2000/svg"
                >
                  <path
                    d="M313.6 304c-28.7 0-42.5 16-89.6 16-47.1 0-60.8-16-89.6-16C60.2 304 0 364.2 0 438.4V464c0 26.5 21.5 48 48 48h352c26.5 0 48-21.5 48-48v-25.6c0-74.2-60.2-134.4-134.4-134.4zM400 464H48v-25.6c0-47.6 38.8-86.4 86.4-86.4 14.6 0 38.3 16 89.6 16 51.7 0 74.9-16 89.6-16 47.6 0 86.4 38.8 86.4 86.4V464zM224 288c79.5 0 144-64.5 144-144S303.5 0 224 0 80 64.5 80 144s64.5 144 144 144zm0-240c52.9 0 96 43.1 96 96s-43.1 96-96 96-96-43.1-96-96 43.1-96 96-96z"
                  />
                </svg>
                  
                Account
              </a>
            </li>
            <li>
              <a
                href="/purchased-products"
              >
                <svg
                  fill="currentColor"
                  height="20"
                  stroke="currentColor"
                  stroke-width="0"
                  viewBox="0 0 24 24"
                  width="20"
                  xmlns="http://www.w3.org/2000/svg"
                >
                  <path
                    d="M19 22H5C3.34315 22 2 20.6569 2 19V3C2 2.44772 2.44772 2 3 2H17C17.5523 2 18 2.44772 18 3V15H22V19C22 20.6569 20.6569 22 19 22ZM18 17V19C18 19.5523 18.4477 20 19 20C19.5523 20 20 19.5523 20 19V17H18ZM16 20V4H4V19C4 19.5523 4.44772 20 5 20H16ZM6 7H14V9H6V7ZM6 11H14V13H6V11ZM6 15H11V17H6V15Z"
                  />
                </svg>
                  
                Orders
              </a>
            </li>
            <li>
              <a
                href="/wish-list"
              >
                <svg
                  fill="currentColor"
                  height="20"
                  stroke="currentColor"
                  stroke-width="0"
                  viewBox="0 0 16 16"
                  width="20"
                  xmlns="http://www.w3.org/2000/svg"
                >
                  <path
                    d="m8 2.748-.717-.737C5.6.281 2.514.878 1.4 3.053c-.523 1.023-.641 2.5.314 4.385.92 1.815 2.834 3.989 6.286 6.357 3.452-2.368 5.365-4.542 6.286-6.357.955-1.886.838-3.362.314-4.385C13.486.878 10.4.28 8.717 2.01L8 2.748zM8 15C-7.333 4.868 3.279-3.04 7.824 1.143c.06.055.119.112.176.171a3.12 3.12 0 0 1 .176-.17C12.72-3.042 23.333 4.867 8 15z"
                  />
                </svg>
                  
                Wish list
              </a>
            </li>
            <li>
              <a
                href="/user-reviews"
              >
                <svg
                  fill="currentColor"
                  height="20"
                  stroke="currentColor"
                  stroke-width="0"
                  viewBox="0 0 24 24"
                  width="20"
                  xmlns="http://www.w3.org/2000/svg"
                >
                  <path
                    d="M0 0h24v24H0V0z"
                    fill="none"
                  />
                  <path
                    d="M20 2H4c-1.1 0-2 .9-2 2v18l4-4h14c1.1 0 2-.9 2-2V4c0-1.1-.9-2-2-2zm0 14H5.17L4 17.17V4h16v12z"
                  />
                  <path
                    d="M12 15l1.57-3.43L17 10l-3.43-1.57L12 5l-1.57 3.43L7 10l3.43 1.57z"
                  />
                </svg>
                  
                Reviews
              </a>
            </li>
            <li>
              <a
                href="/address"
              >
                <svg
                  fill="currentColor"
                  height="20"
                  stroke="currentColor"
                  stroke-width="0"
                  viewBox="0 0 16 16"
                  width="20"
                  xmlns="http://www.w3.org/2000/svg"
                >
                  <path
                    d="M0 3.5A1.5 1.5 0 0 1 1.5 2h9A1.5 1.5 0 0 1 12 3.5V5h1.02a1.5 1.5 0 0 1 1.17.563l1.481 1.85a1.5 1.5 0 0 1 .329.938V10.5a1.5 1.5 0 0 1-1.5 1.5H14a2 2 0 1 1-4 0H5a2 2 0 1 1-3.998-.085A1.5 1.5 0 0 1 0 10.5v-7zm1.294 7.456A1.999 1.999 0 0 1 4.732 11h5.536a2.01 2.01 0 0 1 .732-.732V3.5a.5.5 0 0 0-.5-.5h-9a.5.5 0 0 0-.5.5v7a.5.5 0 0 0 .294.456zM12 10a2 2 0 0 1 1.732 1h.768a.5.5 0 0 0 .5-.5V8.35a.5.5 0 0 0-.11-.312l-1.48-1.85A.5.5 0 0 0 13.02 6H12v4zm-9 1a1 1 0 1 0 0 2 1 1 0 0 0 0-2zm9 0a1 1 0 1 0 0 2 1 1 0 0 0 0-2z"
                  />
                </svg>
                  
                Address
              </a>
            </li>
            <li>
              <a
                href="/settings"
              >
                <svg
                  fill="none"
                  height="20"
                  stroke="currentColor"
                  stroke-linecap="round"
                  stroke-linejoin="round"
                  stroke-width="2"
                  viewBox="0 0 24 24"
                  width="20"
                  xmlns="http://www.w3.org/2000/svg"
                >
                  <circle
                    cx="12"
                    cy="12"
                    r="3"
                  />
                  <path
                    d="M19.4 15a1.65 1.65 0 0 0 .33 1.82l.06.06a2 2 0 0 1 0 2.83 2 2 0 0 1-2.83 0l-.06-.06a1.65 1.65 0 0 0-1.82-.33 1.65 1.65 0 0 0-1 1.51V21a2 2 0 0 1-2 2 2 2 0 0 1-2-2v-.09A1.65 1.65 0 0 0 9 19.4a1.65 1.65 0 0 0-1.82.33l-.06.06a2 2 0 0 1-2.83 0 2 2 0 0 1 0-2.83l.06-.06a1.65 1.65 0 0 0 .33-1.82 1.65 1.65 0 0 0-1.51-1H3a2 2 0 0 1-2-2 2 2 0 0 1 2-2h.09A1.65 1.65 0 0 0 4.6 9a1.65 1.65 0 0 0-.33-1.82l-.06-.06a2 2 0 0 1 0-2.83 2 2 0 0 1 2.83 0l.06.06a1.65 1.65 0 0 0 1.82.33H9a1.65 1.65 0 0 0 1-1.51V3a2 2 0 0 1 2-2 2 2 0 0 1 2 2v.09a1.65 1.65 0 0 0 1 1.51 1.65 1.65 0 0 0 1.82-.33l.06-.06a2 2 0 0 1 2.83 0 2 2 0 0 1 0 2.83l-.06.06a1.65 1.65 0 0 0-.33 1.82V9a1.65 1.65 0 0 0 1.51 1H21a2 2 0 0 1 2 2 2 2 0 0 1-2 2h-.09a1.65 1.65 0 0 0-1.51 1z"
                  />
                </svg>
                  
                Profile seetings
              </a>
            </li>
          </div>
        </ul>
        <button
          class="btnDisplay btnDisplayActiveAside"
          id="userBtnOpen131"
        >
          <svg
            color="var(--text-color)"
            fill="currentColor"
            height="30"
            stroke="currentColor"
            stroke-width="0"
            viewBox="0 0 448 512"
            width="30"
            xmlns="http://www.w3.org/2000/svg"
          >
            <path
              d="M313.6 304c-28.7 0-42.5 16-89.6 16-47.1 0-60.8-16-89.6-16C60.2 304 0 364.2 0 438.4V464c0 26.5 21.5 48 48 48h352c26.5 0 48-21.5 48-48v-25.6c0-74.2-60.2-134.4-134.4-134.4zM400 464H48v-25.6c0-47.6 38.8-86.4 86.4-86.4 14.6 0 38.3 16 89.6 16 51.7 0 74.9-16 89.6-16 47.6 0 86.4 38.8 86.4 86.4V464zM224 288c79.5 0 144-64.5 144-144S303.5 0 224 0 80 64.5 80 144s64.5 144 144 144zm0-240c52.9 0 96 43.1 96 96s-43.1 96-96 96-96-43.1-96-96 43.1-96 96-96z"
            />
          </svg>
        </button>
        <button
          class="btnDisplay"
          id="cartBtnOpen132"
        >
          <svg
            color="var(--text-color)"
            fill="currentColor"
            height="30"
            stroke="currentColor"
            stroke-width="0"
            viewBox="0 0 16 16"
            width="30"
            xmlns="http://www.w3.org/2000/svg"
          >
            <path
              d="M0 1.5A.5.5 0 0 1 .5 1H2a.5.5 0 0 1 .485.379L2.89 3H14.5a.5.5 0 0 1 .491.592l-1.5 8A.5.5 0 0 1 13 12H4a.5.5 0 0 1-.491-.408L2.01 3.607 1.61 2H.5a.5.5 0 0 1-.5-.5zM3.102 4l1.313 7h8.17l1.313-7H3.102zM5 12a2 2 0 1 0 0 4 2 2 0 0 0 0-4zm7 0a2 2 0 1 0 0 4 2 2 0 0 0 0-4zm-7 1a1 1 0 1 1 0 2 1 1 0 0 1 0-2zm7 0a1 1 0 1 1 0 2 1 1 0 0 1 0-2z"
            />
          </svg>
          <span
            class="quantityProductsInBasket"
            style="display: flex;"
          />
        </button>
        <ul
          class="PopupUserProfile2"
        >
          <div
            class="cartBar"
          >
            <span
              class="spanTitle"
            >
              Account
            </span>
            <button
              class="btnClose"
              data-testid="btnClose1231"
            >
              <svg
                fill="currentColor"
                height="30"
                stroke="currentColor"
                stroke-width="0"
                viewBox="0 0 512 512"
                width="30"
                xmlns="http://www.w3.org/2000/svg"
              >
                <path
                  d="M400 145.49L366.51 112 256 222.51 145.49 112 112 145.49 222.51 256 112 366.51 145.49 400 256 289.49 366.51 400 400 366.51 289.49 256 400 145.49z"
                />
              </svg>
            </button>
          </div>
          <div
            class="btnSignIn_UpSection"
          >
            <li
              class="btnSignIn_Up"
            >
              <a
                href="/log-in"
              >
                Log in
              </a>
            </li>
            <li
              class="infoAcc"
            >
              Don't have an account?
            </li>
            <li
              class="btnSignIn_Up"
            >
              <a
                href="/sign-up"
              >
                Sign up
              </a>
            </li>
          </div>
          <div
            class="list"
          >
            <li>
              <a
                href="/account"
              >
                <svg
                  fill="currentColor"
                  height="20"
                  stroke="currentColor"
                  stroke-width="0"
                  viewBox="0 0 448 512"
                  width="20"
                  xmlns="http://www.w3.org/2000/svg"
                >
                  <path
                    d="M313.6 304c-28.7 0-42.5 16-89.6 16-47.1 0-60.8-16-89.6-16C60.2 304 0 364.2 0 438.4V464c0 26.5 21.5 48 48 48h352c26.5 0 48-21.5 48-48v-25.6c0-74.2-60.2-134.4-134.4-134.4zM400 464H48v-25.6c0-47.6 38.8-86.4 86.4-86.4 14.6 0 38.3 16 89.6 16 51.7 0 74.9-16 89.6-16 47.6 0 86.4 38.8 86.4 86.4V464zM224 288c79.5 0 144-64.5 144-144S303.5 0 224 0 80 64.5 80 144s64.5 144 144 144zm0-240c52.9 0 96 43.1 96 96s-43.1 96-96 96-96-43.1-96-96 43.1-96 96-96z"
                  />
                </svg>
                  
                Account
              </a>
            </li>
            <li>
              <a
                href="/purchased-products"
              >
                <svg
                  fill="currentColor"
                  height="20"
                  stroke="currentColor"
                  stroke-width="0"
                  viewBox="0 0 24 24"
                  width="20"
                  xmlns="http://www.w3.org/2000/svg"
                >
                  <path
                    d="M19 22H5C3.34315 22 2 20.6569 2 19V3C2 2.44772 2.44772 2 3 2H17C17.5523 2 18 2.44772 18 3V15H22V19C22 20.6569 20.6569 22 19 22ZM18 17V19C18 19.5523 18.4477 20 19 20C19.5523 20 20 19.5523 20 19V17H18ZM16 20V4H4V19C4 19.5523 4.44772 20 5 20H16ZM6 7H14V9H6V7ZM6 11H14V13H6V11ZM6 15H11V17H6V15Z"
                  />
                </svg>
                  
                Orders
              </a>
            </li>
            <li>
              <a
                href="/wish-list"
              >
                <svg
                  fill="currentColor"
                  height="20"
                  stroke="currentColor"
                  stroke-width="0"
                  viewBox="0 0 16 16"
                  width="20"
                  xmlns="http://www.w3.org/2000/svg"
                >
                  <path
                    d="m8 2.748-.717-.737C5.6.281 2.514.878 1.4 3.053c-.523 1.023-.641 2.5.314 4.385.92 1.815 2.834 3.989 6.286 6.357 3.452-2.368 5.365-4.542 6.286-6.357.955-1.886.838-3.362.314-4.385C13.486.878 10.4.28 8.717 2.01L8 2.748zM8 15C-7.333 4.868 3.279-3.04 7.824 1.143c.06.055.119.112.176.171a3.12 3.12 0 0 1 .176-.17C12.72-3.042 23.333 4.867 8 15z"
                  />
                </svg>
                  
                Wish list
              </a>
            </li>
            <li>
              <a
                href="/user-reviews"
              >
                <svg
                  fill="currentColor"
                  height="20"
                  stroke="currentColor"
                  stroke-width="0"
                  viewBox="0 0 24 24"
                  width="20"
                  xmlns="http://www.w3.org/2000/svg"
                >
                  <path
                    d="M0 0h24v24H0V0z"
                    fill="none"
                  />
                  <path
                    d="M20 2H4c-1.1 0-2 .9-2 2v18l4-4h14c1.1 0 2-.9 2-2V4c0-1.1-.9-2-2-2zm0 14H5.17L4 17.17V4h16v12z"
                  />
                  <path
                    d="M12 15l1.57-3.43L17 10l-3.43-1.57L12 5l-1.57 3.43L7 10l3.43 1.57z"
                  />
                </svg>
                  
                Reviews
              </a>
            </li>
            <li>
              <a
                href="/address"
              >
                <svg
                  fill="currentColor"
                  height="20"
                  stroke="currentColor"
                  stroke-width="0"
                  viewBox="0 0 16 16"
                  width="20"
                  xmlns="http://www.w3.org/2000/svg"
                >
                  <path
                    d="M0 3.5A1.5 1.5 0 0 1 1.5 2h9A1.5 1.5 0 0 1 12 3.5V5h1.02a1.5 1.5 0 0 1 1.17.563l1.481 1.85a1.5 1.5 0 0 1 .329.938V10.5a1.5 1.5 0 0 1-1.5 1.5H14a2 2 0 1 1-4 0H5a2 2 0 1 1-3.998-.085A1.5 1.5 0 0 1 0 10.5v-7zm1.294 7.456A1.999 1.999 0 0 1 4.732 11h5.536a2.01 2.01 0 0 1 .732-.732V3.5a.5.5 0 0 0-.5-.5h-9a.5.5 0 0 0-.5.5v7a.5.5 0 0 0 .294.456zM12 10a2 2 0 0 1 1.732 1h.768a.5.5 0 0 0 .5-.5V8.35a.5.5 0 0 0-.11-.312l-1.48-1.85A.5.5 0 0 0 13.02 6H12v4zm-9 1a1 1 0 1 0 0 2 1 1 0 0 0 0-2zm9 0a1 1 0 1 0 0 2 1 1 0 0 0 0-2z"
                  />
                </svg>
                  
                Address
              </a>
            </li>
            <li>
              <a
                href="/settings"
              >
                <svg
                  fill="none"
                  height="20"
                  stroke="currentColor"
                  stroke-linecap="round"
                  stroke-linejoin="round"
                  stroke-width="2"
                  viewBox="0 0 24 24"
                  width="20"
                  xmlns="http://www.w3.org/2000/svg"
                >
                  <circle
                    cx="12"
                    cy="12"
                    r="3"
                  />
                  <path
                    d="M19.4 15a1.65 1.65 0 0 0 .33 1.82l.06.06a2 2 0 0 1 0 2.83 2 2 0 0 1-2.83 0l-.06-.06a1.65 1.65 0 0 0-1.82-.33 1.65 1.65 0 0 0-1 1.51V21a2 2 0 0 1-2 2 2 2 0 0 1-2-2v-.09A1.65 1.65 0 0 0 9 19.4a1.65 1.65 0 0 0-1.82.33l-.06.06a2 2 0 0 1-2.83 0 2 2 0 0 1 0-2.83l.06-.06a1.65 1.65 0 0 0 .33-1.82 1.65 1.65 0 0 0-1.51-1H3a2 2 0 0 1-2-2 2 2 0 0 1 2-2h.09A1.65 1.65 0 0 0 4.6 9a1.65 1.65 0 0 0-.33-1.82l-.06-.06a2 2 0 0 1 0-2.83 2 2 0 0 1 2.83 0l.06.06a1.65 1.65 0 0 0 1.82.33H9a1.65 1.65 0 0 0 1-1.51V3a2 2 0 0 1 2-2 2 2 0 0 1 2 2v.09a1.65 1.65 0 0 0 1 1.51 1.65 1.65 0 0 0 1.82-.33l.06-.06a2 2 0 0 1 2.83 0 2 2 0 0 1 0 2.83l-.06.06a1.65 1.65 0 0 0-.33 1.82V9a1.65 1.65 0 0 0 1.51 1H21a2 2 0 0 1 2 2 2 2 0 0 1-2 2h-.09a1.65 1.65 0 0 0-1.51 1z"
                  />
                </svg>
                  
                Profile seetings
              </a>
            </li>
          </div>
        </ul>
        No cart component
      </div>
    </div>
  </div>
</div>
`;
