// Jest Snapshot v1, https://goo.gl/fbAQLP

exports[`should render BlogsSection component 1`] = `
<div>
  <div
    class="blogsSection"
    id="blogsSection"
  >
    <header
      class="headerSection"
    >
      our news
    </header>
    <div
      class="blogsCarousel"
    >
      <div
        class="swiper swiper-initialized swiper-horizontal mySwiper"
      >
        <div
          class="swiper-wrapper"
          style="transition-duration: 0ms; transform: translate3d(NaNpx, 0px, 0px);"
        >
          <div
            class="swiper-slide"
            style="width: auto;"
          >
            <div
              class="singleBlog"
            >
              <div
                class="zoomImage"
              >
                <img
                  alt="Tasty And Refreshing Coffee"
                  src="images/blog-1.jpeg"
                />
              </div>
              <div
                class="textSection"
              >
                <h2>
                  Tasty And Refreshing Coffee
                </h2>
                <h4>
                  By Admin / 1st May, 2021
                </h4>
                <p>
                  Lorem ipsum dolor sit amet, consectetur adipiscing elit
                </p>
              </div>
            </div>
          </div>
          <div
            class="swiper-slide"
            style="width: auto;"
          >
            <div
              class="singleBlog"
            >
              <div
                class="zoomImage"
              >
                <img
                  alt="Tasty And Refreshing Coffee"
                  src="images/blog-2.jpeg"
                />
              </div>
              <div
                class="textSection"
              >
                <h2>
                  Tasty And Refreshing Coffee
                </h2>
                <h4>
                  By Admin / 2st May, 2021
                </h4>
                <p>
                  Lorem ipsum dolor sit amet, consectetur adipiscing elit
                </p>
              </div>
            </div>
          </div>
          <div
            class="swiper-slide"
            style="width: auto;"
          >
            <div
              class="singleBlog"
            >
              <div
                class="zoomImage"
              >
                <img
                  alt="Tasty And Refreshing Coffee"
                  src="images/blog-3.jpeg"
                />
              </div>
              <div
                class="textSection"
              >
                <h2>
                  Tasty And Refreshing Coffee
                </h2>
                <h4>
                  By Admin / 3st May, 2021
                </h4>
                <p>
                  Lorem ipsum dolor sit amet, consectetur adipiscing elit
                </p>
              </div>
            </div>
          </div>
          <div
            class="swiper-slide"
            style="width: auto;"
          >
            <div
              class="singleBlog"
            >
              <div
                class="zoomImage"
              >
                <img
                  alt="Tasty And Refreshing Coffee"
                  src="images/blog-2.jpeg"
                />
              </div>
              <div
                class="textSection"
              >
                <h2>
                  Tasty And Refreshing Coffee
                </h2>
                <h4>
                  By Admin / 3st May, 2021
                </h4>
                <p>
                  Lorem ipsum dolor sit amet, consectetur adipiscing elit
                </p>
              </div>
            </div>
          </div>
          <div
            class="swiper-slide"
            style="width: auto;"
          >
            <div
              class="singleBlog"
            >
              <div
                class="zoomImage"
              >
                <img
                  alt="Tasty And Refreshing Coffee"
                  src="images/blog-3.jpeg"
                />
              </div>
              <div
                class="textSection"
              >
                <h2>
                  Tasty And Refreshing Coffee
                </h2>
                <h4>
                  By Admin / 3st May, 2021
                </h4>
                <p>
                  Lorem ipsum dolor sit amet, consectetur adipiscing elit
                </p>
              </div>
            </div>
          </div>
          <div
            class="swiper-slide"
            style="width: auto;"
          >
            <div
              class="singleBlog"
            >
              <div
                class="zoomImage"
              >
                <img
                  alt="Tasty And Refreshing Coffee"
                  src="images/blog-1.jpeg"
                />
              </div>
              <div
                class="textSection"
              >
                <h2>
                  Tasty And Refreshing Coffee
                </h2>
                <h4>
                  By Admin / 3st May, 2021
                </h4>
                <p>
                  Lorem ipsum dolor sit amet, consectetur adipiscing elit
                </p>
              </div>
            </div>
          </div>
          <div
            class="swiper-slide"
            style="width: auto;"
          >
            <div
              class="singleBlog"
            >
              <div
                class="zoomImage"
              >
                <img
                  alt="Tasty And Refreshing Coffee"
                  src="images/blog-2.jpeg"
                />
              </div>
              <div
                class="textSection"
              >
                <h2>
                  Tasty And Refreshing Coffee
                </h2>
                <h4>
                  By Admin / 3st May, 2021
                </h4>
                <p>
                  Lorem ipsum dolor sit amet, consectetur adipiscing elit
                </p>
              </div>
            </div>
          </div>
          <div
            class="swiper-slide"
            style="width: auto;"
          >
            <div
              class="singleBlog"
            >
              <div
                class="zoomImage"
              >
                <img
                  alt="Tasty And Refreshing Coffee"
                  src="images/blog-3.jpeg"
                />
              </div>
              <div
                class="textSection"
              >
                <h2>
                  Tasty And Refreshing Coffee
                </h2>
                <h4>
                  By Admin / 3st May, 2021
                </h4>
                <p>
                  Lorem ipsum dolor sit amet, consectetur adipiscing elit
                </p>
              </div>
            </div>
          </div>
          <div
            class="swiper-slide"
            style="width: auto;"
          >
            <div
              class="singleBlog"
            >
              <div
                class="zoomImage"
              >
                <img
                  alt="Tasty And Refreshing Coffee"
                  src="images/blog-1.jpeg"
                />
              </div>
              <div
                class="textSection"
              >
                <h2>
                  Tasty And Refreshing Coffee
                </h2>
                <h4>
                  By Admin / 3st May, 2021
                </h4>
                <p>
                  Lorem ipsum dolor sit amet, consectetur adipiscing elit
                </p>
              </div>
            </div>
          </div>
          <div
            class="swiper-slide"
            style="width: auto;"
          >
            <div
              class="singleBlog"
            >
              <div
                class="zoomImage"
              >
                <img
                  alt="Tasty And Refreshing Coffee"
                  src="images/blog-2.jpeg"
                />
              </div>
              <div
                class="textSection"
              >
                <h2>
                  Tasty And Refreshing Coffee
                </h2>
                <h4>
                  By Admin / 3st May, 2021
                </h4>
                <p>
                  Lorem ipsum dolor sit amet, consectetur adipiscing elit
                </p>
              </div>
            </div>
          </div>
          <div
            class="swiper-slide"
            style="width: auto;"
          >
            <div
              class="singleBlog"
            >
              <div
                class="zoomImage"
              >
                <img
                  alt="Tasty And Refreshing Coffee"
                  src="images/blog-3.jpeg"
                />
              </div>
              <div
                class="textSection"
              >
                <h2>
                  Tasty And Refreshing Coffee
                </h2>
                <h4>
                  By Admin / 3st May, 2021
                </h4>
                <p>
                  Lorem ipsum dolor sit amet, consectetur adipiscing elit
                </p>
              </div>
            </div>
          </div>
        </div>
        <div
          class="swiper-pagination"
        />
      </div>
    </div>
  </div>
</div>
`;
