// Jest Snapshot v1, https://goo.gl/fbAQLP

exports[`should render BlurScreen component 1`] = `
<div>
  <div
    class="BlurScreen"
  />
</div>
`;
